     1                                  BITS 64
     2                                  CPU X64
     3                                  	;;
     4                                  	;; asm_memcpy - a clone of memcpy in x86 Assembly
     5                                  	;;
     6                                  	;; Description:	The memcpy() function copies @n bytes from memory area
     7                                  	;; @src to memory area @dest.
     8                                  	;;
     9                                  	;; @dest: a pointer to the destination string
    10                                  	;; @src: a pointer to the source string
    11                                  	;; @n: the number of bytes to be copied
    12                                  	;; Return: a pointer to @dest string
    13                                  	;;
    14                                  	;; Prototype: void *asm_memcpy(void *dest, const void *src, size_t n);
    15                                  	;;
    16                                  	global asm_memcpy
    17                                  
    18                                  	segment .text
    19                                  
    20                                  asm_memcpy:
    21 00000000 4889F8                  	mov rax, rdi
    22 00000003 89D1                    	mov ecx, edx
    23 00000005 FC                      	cld
    24                                  
    25 00000006 F3A4                    rep	movsb
    26 00000008 C3                      	ret
